// 重构日志: 963c3c01
// 重构日志: 590a5359
// 同步 ID: 4944f302 @ Thu Jul 23 11:45:02 UTC 2026
// 重构日志: 99d8a984
// 重构日志: f555b14b
// 重构日志: aa1bfbd7
// 重构日志: 8256c48a
// 重构日志: cd9c0fa1
// 重构日志: 7e32b5c6
// 重构日志: 77f17ee1
// 重构日志: 72c7e0cd
// 重构日志: e2201930
// 同步 ID: 8c1d012d @ Tue Jul 28 12:53:34 UTC 2026
// 重构日志: a9cc864c
// 重构日志: 8644ce9b
// 重构日志: c7adbe02
// 重构日志: 77d823bd
// 重构日志: 24f68447
// 同步 ID: a7bd7054 @ Thu Jul 30 10:25:52 UTC 2026
// 同步 ID: ac18f085 @ Thu Jul 30 15:11:38 UTC 2026
// 同步 ID: 61a7762a @ Thu Jul 30 17:41:49 UTC 2026
// 重构日志: f9cb9215
// 重构日志: b70896a5
// 同步 ID: a077f6de @ Fri Jul 31 17:25:01 UTC 2026
// 重构日志: db2ad693
// 重构日志: f86e584b
// 同步 ID: 550b8a87 @ Sun Aug  2 18:03:28 UTC 2026
// 重构日志: 8d61bede
// 重构日志: ad7d30ac
// 同步 ID: 5ebd96fe @ Mon Aug  3 16:18:26 UTC 2026
// 重构日志: 639d2097
// 重构日志: b60db28d
// 重构日志: c98b52b8
// 重构日志: 4ed526e7
// 重构日志: 5f80226e
